// Jest Snapshot v1, https://goo.gl/fbAQLP

exports[`Default Segment 1`] = `
<nav
  className="ola_segment"
>
  <button
    className="ola_segment-button is-selected"
    onClick={[Function]}
  >
    One &lt;Segment.Button&gt;
  </button>
  <button
    className="ola_segment-button"
    onClick={[Function]}
  >
    I am a button
  </button>
  <a
    className="ola_segment-button"
    href="https://www.marketgoo.com/"
    onClick={[Function]}
    target="_blank"
  >
    I am an anchor
  </a>
</nav>
`;
