// Jest Snapshot v1, https://goo.gl/fbAQLP

exports[`Default Modal 1`] = `
<dialog
  className="ola_modal is-closable"
  onClick={[Function]}
>
  <div
    className="ola_modal-container"
  >
    <header
      className="ola_modal-header has-extra"
    >
      <h2
        className="ola_modal-title"
      >
        Modal Header
      </h2>
      <p
        className="ola_modal-intro"
      >
        <strong>
          Lorem ipsum
        </strong>
         for testing intro
      </p>
      <div
        className="ola_modal-extra"
      >
        This is the extra content
      </div>
    </header>
    <div
      className="ola_modal-content"
    >
      <p>
        Modal content
      </p>
    </div>
    <div
      className="ola_modal-footer"
    >
      This is the footer
    </div>
  </div>
  <button
    className="ola_button_icon is-normal ola_modal-close"
    disabled={false}
    onClick={[Function]}
    style={
      Object {
        "--base-color": "var(--color-neutral-500)",
        "--busy-color": "var(--color-neutral-600)",
        "--disabled-color": "var(--color-neutral-300)",
        "--shadow-focus": "var(--shadow-focus-neutral)",
      }
    }
    type="button"
  />
</dialog>
`;
