// Jest Snapshot v1, https://goo.gl/fbAQLP

exports[`Segment with two buttons 1`] = `
Array [
  <ul
    className="ola_tabs"
  >
    <li>
      <button
        aria-current={true}
        className="ola_tab-option is-selected"
        onClick={[Function]}
      >
        Tab 1
      </button>
    </li>
    <li>
      <button
        aria-current={false}
        className="ola_tab-option"
        onClick={[Function]}
      >
        Tab 2
      </button>
    </li>
  </ul>,
  <div
    className="ola_tab selected"
    label="Tab 1"
  >
    Tab 1 content
  </div>,
  <div
    className="ola_tab"
    label="Tab 2"
  >
    Tab 2 content
  </div>,
]
`;
